[2026-01-01 05:36:39] Starting parameter sweep: 32 runs across 2 campaign(s)
[2026-01-01 05:36:39] MPI processes per run: 12
[2026-01-01 05:36:39] Main run steps: 500000
[2026-01-01 05:36:39] Dump interval: 5000
[2026-01-01 05:36:39] 
======================================================================
[2026-01-01 05:36:39] Run 1/32: karea500_pre_fac10_fd200
[2026-01-01 05:36:39] Campaign 1 | karea=500 | pre_fac=10 | fd=200
[2026-01-01 05:36:39] Started at 05:36:39
[2026-01-01 05:36:39] Running: mpirun -np 12 lmp ... (karea=500, pre_fac=10, fd=200)
[2026-01-01 05:36:41] ERROR: LAMMPS exited with code 1
[2026-01-01 05:36:41] FAILED after 1.6s
[2026-01-01 05:36:41] Overall progress: 1/32 (3.1%) | Completed: 0 | Failed: 1 | Skipped: 0
[2026-01-01 05:36:41] 
======================================================================
[2026-01-01 05:36:41] Run 2/32: karea500_pre_fac10_fd500
[2026-01-01 05:36:41] Campaign 1 | karea=500 | pre_fac=10 | fd=500
[2026-01-01 05:36:41] Started at 05:36:41
[2026-01-01 05:36:41] Running: mpirun -np 12 lmp ... (karea=500, pre_fac=10, fd=500)
[2026-01-01 05:36:43] ERROR: LAMMPS exited with code 1
[2026-01-01 05:36:43] FAILED after 2.5s
[2026-01-01 05:36:43] Overall progress: 2/32 (6.2%) | Completed: 0 | Failed: 2 | Skipped: 0
[2026-01-01 05:36:43] 
======================================================================
[2026-01-01 05:36:43] Run 3/32: karea500_pre_fac10_fd1000
[2026-01-01 05:36:43] Campaign 1 | karea=500 | pre_fac=10 | fd=1000
[2026-01-01 05:36:43] Started at 05:36:43
[2026-01-01 05:36:43] Running: mpirun -np 12 lmp ... (karea=500, pre_fac=10, fd=1000)
[2026-01-01 05:38:17] Starting parameter sweep: 16 runs across 1 campaign(s)
[2026-01-01 05:38:17] MPI processes per run: 12
[2026-01-01 05:38:17] Main run steps: 1000
[2026-01-01 05:38:17] Dump interval: 100
[2026-01-01 05:38:17] 
======================================================================
[2026-01-01 05:38:17] Run 1/16: karea500_pre_fac10_fd200
[2026-01-01 05:38:17] Campaign 1 | karea=500 | pre_fac=10 | fd=200
[2026-01-01 05:38:17] Started at 05:38:17
[2026-01-01 05:38:17] Running: mpirun -np 12 lmp ... (karea=500, pre_fac=10, fd=200)
[2026-01-01 05:38:19] ERROR: LAMMPS exited with code 1
[2026-01-01 05:38:19] FAILED after 2.5s
[2026-01-01 05:38:19] Overall progress: 1/16 (6.2%) | Completed: 0 | Failed: 1 | Skipped: 0
[2026-01-01 05:38:19] 
======================================================================
[2026-01-01 05:38:19] Run 2/16: karea500_pre_fac10_fd500
[2026-01-01 05:38:19] Campaign 1 | karea=500 | pre_fac=10 | fd=500
[2026-01-01 05:38:19] Started at 05:38:19
[2026-01-01 05:38:19] Running: mpirun -np 12 lmp ... (karea=500, pre_fac=10, fd=500)
[2026-01-01 05:38:22] ERROR: LAMMPS exited with code 1
[2026-01-01 05:38:22] FAILED after 2.5s
[2026-01-01 05:38:22] Overall progress: 2/16 (12.5%) | Completed: 0 | Failed: 2 | Skipped: 0
[2026-01-01 05:38:22] 
======================================================================
[2026-01-01 05:38:22] Run 3/16: karea500_pre_fac10_fd1000
[2026-01-01 05:38:22] Campaign 1 | karea=500 | pre_fac=10 | fd=1000
[2026-01-01 05:38:22] Started at 05:38:22
[2026-01-01 05:38:22] Running: mpirun -np 12 lmp ... (karea=500, pre_fac=10, fd=1000)
[2026-01-01 05:38:23] ERROR: LAMMPS exited with code 1
[2026-01-01 05:38:23] FAILED after 1.5s
[2026-01-01 05:38:23] Overall progress: 3/16 (18.8%) | Completed: 0 | Failed: 3 | Skipped: 0
[2026-01-01 05:38:23] 
======================================================================
[2026-01-01 05:38:23] Run 4/16: karea500_pre_fac10_fd2000
[2026-01-01 05:38:23] Campaign 1 | karea=500 | pre_fac=10 | fd=2000
[2026-01-01 05:38:23] Started at 05:38:23
[2026-01-01 05:38:23] Running: mpirun -np 12 lmp ... (karea=500, pre_fac=10, fd=2000)
[2026-01-01 05:38:25] ERROR: LAMMPS exited with code 1
[2026-01-01 05:38:25] FAILED after 2.5s
[2026-01-01 05:38:25] Overall progress: 4/16 (25.0%) | Completed: 0 | Failed: 4 | Skipped: 0
[2026-01-01 05:38:25] 
======================================================================
[2026-01-01 05:38:25] Run 5/16: karea1000_pre_fac10_fd200
[2026-01-01 05:38:25] Campaign 1 | karea=1000 | pre_fac=10 | fd=200
[2026-01-01 05:38:25] Started at 05:38:25
[2026-01-01 05:38:26] Running: mpirun -np 12 lmp ... (karea=1000, pre_fac=10, fd=200)
[2026-01-01 05:38:27] ERROR: LAMMPS exited with code 1
[2026-01-01 05:38:27] FAILED after 1.5s
[2026-01-01 05:38:27] Overall progress: 5/16 (31.2%) | Completed: 0 | Failed: 5 | Skipped: 0
[2026-01-01 05:38:27] 
======================================================================
[2026-01-01 05:38:27] Run 6/16: karea1000_pre_fac10_fd500
[2026-01-01 05:38:27] Campaign 1 | karea=1000 | pre_fac=10 | fd=500
[2026-01-01 05:38:27] Started at 05:38:27
[2026-01-01 05:38:27] Running: mpirun -np 12 lmp ... (karea=1000, pre_fac=10, fd=500)
[2026-01-01 05:38:27] ERROR: LAMMPS exited with code 1
[2026-01-01 05:38:27] FAILED after 0.5s
[2026-01-01 05:38:27] Overall progress: 6/16 (37.5%) | Completed: 0 | Failed: 6 | Skipped: 0
[2026-01-01 05:38:27] 
======================================================================
[2026-01-01 05:38:27] Run 7/16: karea1000_pre_fac10_fd1000
[2026-01-01 05:38:27] Campaign 1 | karea=1000 | pre_fac=10 | fd=1000
[2026-01-01 05:38:27] Started at 05:38:27
[2026-01-01 05:38:27] Running: mpirun -np 12 lmp ... (karea=1000, pre_fac=10, fd=1000)
[2026-01-01 05:38:30] ERROR: LAMMPS exited with code 1
[2026-01-01 05:38:30] FAILED after 2.5s
[2026-01-01 05:38:30] Overall progress: 7/16 (43.8%) | Completed: 0 | Failed: 7 | Skipped: 0
[2026-01-01 05:38:30] 
======================================================================
[2026-01-01 05:38:30] Run 8/16: karea1000_pre_fac10_fd2000
[2026-01-01 05:38:30] Campaign 1 | karea=1000 | pre_fac=10 | fd=2000
[2026-01-01 05:38:30] Started at 05:38:30
[2026-01-01 05:38:30] Running: mpirun -np 12 lmp ... (karea=1000, pre_fac=10, fd=2000)
[2026-01-01 05:38:30] ERROR: LAMMPS exited with code 1
[2026-01-01 05:38:30] FAILED after 0.5s
[2026-01-01 05:38:30] Overall progress: 8/16 (50.0%) | Completed: 0 | Failed: 8 | Skipped: 0
[2026-01-01 05:38:30] 
======================================================================
[2026-01-01 05:38:30] Run 9/16: karea2000_pre_fac10_fd200
[2026-01-01 05:38:30] Campaign 1 | karea=2000 | pre_fac=10 | fd=200
[2026-01-01 05:38:30] Started at 05:38:30
[2026-01-01 05:38:30] Running: mpirun -np 12 lmp ... (karea=2000, pre_fac=10, fd=200)
[2026-01-01 05:38:33] ERROR: LAMMPS exited with code 1
[2026-01-01 05:38:33] FAILED after 2.5s
[2026-01-01 05:38:33] Overall progress: 9/16 (56.2%) | Completed: 0 | Failed: 9 | Skipped: 0
[2026-01-01 05:38:33] 
======================================================================
[2026-01-01 05:38:33] Run 10/16: karea2000_pre_fac10_fd500
[2026-01-01 05:38:33] Campaign 1 | karea=2000 | pre_fac=10 | fd=500
[2026-01-01 05:38:33] Started at 05:38:33
[2026-01-01 05:38:33] Running: mpirun -np 12 lmp ... (karea=2000, pre_fac=10, fd=500)
[2026-01-01 05:38:35] ERROR: LAMMPS exited with code 1
[2026-01-01 05:38:35] FAILED after 2.5s
[2026-01-01 05:38:35] Overall progress: 10/16 (62.5%) | Completed: 0 | Failed: 10 | Skipped: 0
[2026-01-01 05:38:35] 
======================================================================
[2026-01-01 05:38:35] Run 11/16: karea2000_pre_fac10_fd1000
[2026-01-01 05:38:35] Campaign 1 | karea=2000 | pre_fac=10 | fd=1000
[2026-01-01 05:38:35] Started at 05:38:35
[2026-01-01 05:38:35] Running: mpirun -np 12 lmp ... (karea=2000, pre_fac=10, fd=1000)
[2026-01-01 05:38:36] ERROR: LAMMPS exited with code 1
[2026-01-01 05:38:36] FAILED after 0.5s
[2026-01-01 05:38:36] Overall progress: 11/16 (68.8%) | Completed: 0 | Failed: 11 | Skipped: 0
[2026-01-01 05:38:36] 
======================================================================
[2026-01-01 05:38:36] Run 12/16: karea2000_pre_fac10_fd2000
[2026-01-01 05:38:36] Campaign 1 | karea=2000 | pre_fac=10 | fd=2000
[2026-01-01 05:38:36] Started at 05:38:36
[2026-01-01 05:38:36] Running: mpirun -np 12 lmp ... (karea=2000, pre_fac=10, fd=2000)
[2026-01-01 05:38:38] ERROR: LAMMPS exited with code 1
[2026-01-01 05:38:38] FAILED after 2.5s
[2026-01-01 05:38:38] Overall progress: 12/16 (75.0%) | Completed: 0 | Failed: 12 | Skipped: 0
[2026-01-01 05:38:38] 
======================================================================
[2026-01-01 05:38:38] Run 13/16: karea5000_pre_fac10_fd200
[2026-01-01 05:38:38] Campaign 1 | karea=5000 | pre_fac=10 | fd=200
[2026-01-01 05:38:38] Started at 05:38:38
[2026-01-01 05:38:38] Running: mpirun -np 12 lmp ... (karea=5000, pre_fac=10, fd=200)
[2026-01-01 05:38:40] ERROR: LAMMPS exited with code 1
[2026-01-01 05:38:40] FAILED after 1.5s
[2026-01-01 05:38:40] Overall progress: 13/16 (81.2%) | Completed: 0 | Failed: 13 | Skipped: 0
[2026-01-01 05:38:40] 
======================================================================
[2026-01-01 05:38:40] Run 14/16: karea5000_pre_fac10_fd500
[2026-01-01 05:38:40] Campaign 1 | karea=5000 | pre_fac=10 | fd=500
[2026-01-01 05:38:40] Started at 05:38:40
[2026-01-01 05:38:40] Running: mpirun -np 12 lmp ... (karea=5000, pre_fac=10, fd=500)
[2026-01-01 05:38:40] ERROR: LAMMPS exited with code 1
[2026-01-01 05:38:40] FAILED after 0.5s
[2026-01-01 05:38:40] Overall progress: 14/16 (87.5%) | Completed: 0 | Failed: 14 | Skipped: 0
[2026-01-01 05:38:40] 
======================================================================
[2026-01-01 05:38:40] Run 15/16: karea5000_pre_fac10_fd1000
[2026-01-01 05:38:40] Campaign 1 | karea=5000 | pre_fac=10 | fd=1000
[2026-01-01 05:38:40] Started at 05:38:40
[2026-01-01 05:38:40] Running: mpirun -np 12 lmp ... (karea=5000, pre_fac=10, fd=1000)
[2026-01-01 05:38:41] ERROR: LAMMPS exited with code 1
[2026-01-01 05:38:41] FAILED after 0.5s
[2026-01-01 05:38:41] Overall progress: 15/16 (93.8%) | Completed: 0 | Failed: 15 | Skipped: 0
[2026-01-01 05:38:41] 
======================================================================
[2026-01-01 05:38:41] Run 16/16: karea5000_pre_fac10_fd2000
[2026-01-01 05:38:41] Campaign 1 | karea=5000 | pre_fac=10 | fd=2000
[2026-01-01 05:38:41] Started at 05:38:41
[2026-01-01 05:38:41] Running: mpirun -np 12 lmp ... (karea=5000, pre_fac=10, fd=2000)
[2026-01-01 05:38:43] ERROR: LAMMPS exited with code 1
[2026-01-01 05:38:43] FAILED after 2.5s
[2026-01-01 05:38:43] Overall progress: 16/16 (100.0%) | Completed: 0 | Failed: 16 | Skipped: 0
[2026-01-01 05:38:43] 
======================================================================
[2026-01-01 05:38:43] SWEEP COMPLETE
[2026-01-01 05:38:43] Total runs: 16
[2026-01-01 05:38:43] Completed: 0
[2026-01-01 05:38:43] Failed: 16
[2026-01-01 05:38:43] Skipped (resumed): 0
[2026-01-01 05:38:43] Manifest saved to: /mnt/d/NextTissUe_data/run/sweep_manifest.csv
[2026-01-01 05:39:09] Starting parameter sweep: 16 runs across 1 campaign(s)
[2026-01-01 05:39:09] MPI processes per run: 12
[2026-01-01 05:39:09] Main run steps: 1000
[2026-01-01 05:39:09] Dump interval: 100
[2026-01-01 05:39:09] 
======================================================================
[2026-01-01 05:39:09] Run 1/16: karea500_pre_fac10_fd200
[2026-01-01 05:39:09] Campaign 1 | karea=500 | pre_fac=10 | fd=200
[2026-01-01 05:39:09] Started at 05:39:09
[2026-01-01 05:39:09] Running: mpirun -np 12 lmp ... (karea=500, pre_fac=10, fd=200)
[2026-01-01 05:39:41] COMPLETED in 31.4s (0.5 min)
[2026-01-01 05:39:41] Overall progress: 1/16 (6.2%) | Completed: 1 | Failed: 0 | Skipped: 0
[2026-01-01 05:39:41] 
======================================================================
[2026-01-01 05:39:41] Run 2/16: karea500_pre_fac10_fd500
[2026-01-01 05:39:41] Campaign 1 | karea=500 | pre_fac=10 | fd=500
[2026-01-01 05:39:41] Started at 05:39:41
[2026-01-01 05:39:41] Running: mpirun -np 12 lmp ... (karea=500, pre_fac=10, fd=500)
[2026-01-01 05:40:12] COMPLETED in 31.4s (0.5 min)
[2026-01-01 05:40:12] Overall progress: 2/16 (12.5%) | Completed: 2 | Failed: 0 | Skipped: 0
[2026-01-01 05:40:12] 
======================================================================
[2026-01-01 05:40:12] Run 3/16: karea500_pre_fac10_fd1000
[2026-01-01 05:40:12] Campaign 1 | karea=500 | pre_fac=10 | fd=1000
[2026-01-01 05:40:12] Started at 05:40:12
[2026-01-01 05:40:12] Running: mpirun -np 12 lmp ... (karea=500, pre_fac=10, fd=1000)
[2026-01-01 05:40:38] Starting parameter sweep: 16 runs across 1 campaign(s)
[2026-01-01 05:40:38] MPI processes per run: 12
[2026-01-01 05:40:38] Main run steps: 1000
[2026-01-01 05:40:38] Dump interval: 100
[2026-01-01 05:40:38] 
======================================================================
[2026-01-01 05:40:38] Run 1/16: karea500_pre_fac10_fd200
[2026-01-01 05:40:38] Campaign 1 | karea=500 | pre_fac=10 | fd=200
[2026-01-01 05:40:38] Started at 05:40:38
[2026-01-01 05:40:38] Running: mpirun -np 12 lmp ... (karea=500, pre_fac=10, fd=200)
[2026-01-01 05:40:45] COMPLETED in 33.4s (0.6 min)
[2026-01-01 05:40:45] Overall progress: 3/16 (18.8%) | Completed: 3 | Failed: 0 | Skipped: 0
[2026-01-01 05:40:45] 
======================================================================
[2026-01-01 05:40:45] Run 4/16: karea500_pre_fac10_fd2000
[2026-01-01 05:40:45] Campaign 1 | karea=500 | pre_fac=10 | fd=2000
[2026-01-01 05:40:45] Started at 05:40:45
[2026-01-01 05:40:45] Running: mpirun -np 12 lmp ... (karea=500, pre_fac=10, fd=2000)
[2026-01-01 05:41:26] COMPLETED in 40.9s (0.7 min)
[2026-01-01 05:41:26] ERROR: [Errno 13] Permission denied: '/mnt/d/NextTissUe_data/run/sweep_manifest.csv'
[2026-01-01 05:48:55] Starting parameter sweep: 16 runs across 1 campaign(s)
[2026-01-01 05:48:55] MPI processes per run: 12
[2026-01-01 05:48:55] Main run steps: 500000
[2026-01-01 05:48:55] Dump interval: 5000
[2026-01-01 05:48:55] 
======================================================================
[2026-01-01 05:48:55] Run 1/16: karea500_pre_fac10_fd200
[2026-01-01 05:48:55] Campaign 1 | karea=500 | pre_fac=10 | fd=200
[2026-01-01 05:48:55] SKIPPED: Run already complete
[2026-01-01 05:48:55] 
======================================================================
[2026-01-01 05:48:55] Run 2/16: karea500_pre_fac10_fd500
[2026-01-01 05:48:55] Campaign 1 | karea=500 | pre_fac=10 | fd=500
[2026-01-01 05:48:55] SKIPPED: Run already complete
[2026-01-01 05:48:55] 
======================================================================
[2026-01-01 05:48:55] Run 3/16: karea500_pre_fac10_fd1000
[2026-01-01 05:48:55] Campaign 1 | karea=500 | pre_fac=10 | fd=1000
[2026-01-01 05:48:55] SKIPPED: Run already complete
[2026-01-01 05:48:55] 
======================================================================
[2026-01-01 05:48:55] Run 4/16: karea500_pre_fac10_fd2000
[2026-01-01 05:48:55] Campaign 1 | karea=500 | pre_fac=10 | fd=2000
[2026-01-01 05:48:55] SKIPPED: Run already complete
[2026-01-01 05:48:55] 
======================================================================
[2026-01-01 05:48:55] Run 5/16: karea1000_pre_fac10_fd200
[2026-01-01 05:48:55] Campaign 1 | karea=1000 | pre_fac=10 | fd=200
[2026-01-01 05:48:55] Started at 05:48:55
[2026-01-01 05:48:55] Running: mpirun -np 12 lmp ... (karea=1000, pre_fac=10, fd=200)
[2026-01-01 06:10:14] Starting parameter sweep: 16 runs across 1 campaign(s)
[2026-01-01 06:10:14] MPI processes per run: 12
[2026-01-01 06:10:14] Main run steps: 500000
[2026-01-01 06:10:14] Dump interval: 5000
[2026-01-01 06:10:14] 
======================================================================
[2026-01-01 06:10:14] Run 1/16: karea500_pre_fac10_fd200
[2026-01-01 06:10:14] Campaign 1 | karea=500 | pre_fac=10 | fd=200
[2026-01-01 06:10:14] Started at 06:10:14
[2026-01-01 06:10:14] Running: mpirun -np 12 lmp ... (karea=500, pre_fac=10, fd=200)
[2026-01-01 06:11:10] Starting parameter sweep: 16 runs across 1 campaign(s)
[2026-01-01 06:11:10] MPI processes per run: 12
[2026-01-01 06:11:10] Main run steps: 500000
[2026-01-01 06:11:10] Dump interval: 5000
[2026-01-01 06:11:10] 
======================================================================
[2026-01-01 06:11:10] Run 1/16: karea500_pre_fac10_fd200
[2026-01-01 06:11:10] Campaign 1 | karea=500 | pre_fac=10 | fd=200
[2026-01-01 06:11:10] Started at 06:11:10
[2026-01-01 06:11:10] Running: mpirun -np 12 lmp ... (karea=500, pre_fac=10, fd=200)
[2026-01-01 06:11:45] Starting parameter sweep: 32 runs across 2 campaign(s)
[2026-01-01 06:11:45] MPI processes per run: 12
[2026-01-01 06:11:45] Main run steps: 500000
[2026-01-01 06:11:45] Dump interval: 5000
[2026-01-01 06:11:45] 
======================================================================
[2026-01-01 06:11:45] Run 1/32: karea500_pre_fac10_fd200
[2026-01-01 06:11:45] Campaign 1 | karea=500 | pre_fac=10 | fd=200
[2026-01-01 06:11:45] Started at 06:11:45
[2026-01-01 06:11:45] Running: mpirun -np 12 lmp ... (karea=500, pre_fac=10, fd=200)
[2026-01-01 06:13:06] Starting parameter sweep: 32 runs across 2 campaign(s)
[2026-01-01 06:13:06] MPI processes per run: 12
[2026-01-01 06:13:06] Main run steps: 500000
[2026-01-01 06:13:06] Dump interval: 5000
[2026-01-01 06:13:06] 
======================================================================
[2026-01-01 06:13:06] Run 1/32: karea500_pre_fac10_fd200
[2026-01-01 06:13:06] Campaign 1 | karea=500 | pre_fac=10 | fd=200
[2026-01-01 06:13:06] Started at 06:13:06
[2026-01-01 06:13:06] Running: mpirun -np 12 lmp ... (karea=500, pre_fac=10, fd=200)
[2026-01-01 06:18:38] Starting parameter sweep: 32 runs across 2 campaign(s)
[2026-01-01 06:18:38] MPI processes per run: 12
[2026-01-01 06:18:38] Main run steps: 500000
[2026-01-01 06:18:38] Dump interval: 5000
[2026-01-01 06:18:38] 
======================================================================
[2026-01-01 06:18:38] Run 1/32: karea500_pre_fac10_fd200
[2026-01-01 06:18:38] Campaign 1 | karea=500 | pre_fac=10 | fd=200
[2026-01-01 06:18:38] Started at 06:18:38
[2026-01-01 06:18:38] Running: mpirun -np 12 lmp ... (karea=500, pre_fac=10, fd=200)
[2026-01-01 06:22:52] Starting parameter sweep: 32 runs across 2 campaign(s)
[2026-01-01 06:22:52] MPI processes per run: 12
[2026-01-01 06:22:52] Main run steps: 500000
[2026-01-01 06:22:52] Dump interval: 5000
[2026-01-01 06:22:52] 
======================================================================
[2026-01-01 06:22:52] Run 1/32: karea500_pre_fac10_fd200
[2026-01-01 06:22:52] Campaign 1 | karea=500 | pre_fac=10 | fd=200
[2026-01-01 06:22:52] Started at 06:22:52
[2026-01-01 06:22:52] Running: mpirun -np 12 lmp ... (karea=500, pre_fac=10, fd=200)
[2026-01-01 06:23:43] Starting parameter sweep: 32 runs across 2 campaign(s)
[2026-01-01 06:23:43] MPI processes per run: 12
[2026-01-01 06:23:43] Main run steps: 500000
[2026-01-01 06:23:43] Dump interval: 5000
[2026-01-01 06:23:43] 
======================================================================
[2026-01-01 06:23:43] Run 1/32: karea500_pre_fac10_fd200
[2026-01-01 06:23:43] Campaign 1 | karea=500 | pre_fac=10 | fd=200
[2026-01-01 06:23:43] Started at 06:23:43
[2026-01-01 06:23:43] Running: mpirun -np 12 lmp ... (karea=500, pre_fac=10, fd=200)
[2026-01-01 06:31:29] Starting parameter sweep: 32 runs across 2 campaign(s)
[2026-01-01 06:31:29] MPI processes per run: 12
[2026-01-01 06:31:29] Main run steps: 500000
[2026-01-01 06:31:29] Dump interval: 5000
[2026-01-01 06:31:29] 
======================================================================
[2026-01-01 06:31:29] Run 1/32: karea500_pre_fac10_fd200
[2026-01-01 06:31:29] Campaign 1 | karea=500 | pre_fac=10 | fd=200
[2026-01-01 06:31:29] Started at 06:31:29
[2026-01-01 06:31:29] Running: mpirun -np 12 lmp ... (karea=500, pre_fac=10, fd=200)
[2026-01-01 06:36:10] Starting parameter sweep: 32 runs across 2 campaign(s)
[2026-01-01 06:36:10] MPI processes per run: 12
[2026-01-01 06:36:10] Main run steps: 500000
[2026-01-01 06:36:10] Dump interval: 5000
[2026-01-01 06:36:10] 
======================================================================
[2026-01-01 06:36:10] Run 1/32: karea500_pre_fac10_fd200
[2026-01-01 06:36:10] Campaign 1 | karea=500 | pre_fac=10 | fd=200
[2026-01-01 06:36:10] Started at 06:36:10
[2026-01-01 06:36:10] Running: mpirun -np 12 lmp ... (karea=500, pre_fac=10, fd=200)
[2026-01-01 06:37:13] Starting parameter sweep: 32 runs across 2 campaign(s)
[2026-01-01 06:37:13] MPI processes per run: 12
[2026-01-01 06:37:13] Main run steps: 500000
[2026-01-01 06:37:13] Dump interval: 5000
[2026-01-01 06:37:13] 
======================================================================
[2026-01-01 06:37:13] Run 1/32: karea500_pre_fac10_fd200
[2026-01-01 06:37:13] Campaign 1 | karea=500 | pre_fac=10 | fd=200
[2026-01-01 06:37:13] Started at 06:37:13
[2026-01-01 06:37:13] Running: mpirun -np 12 lmp ... (karea=500, pre_fac=10, fd=200)
[2026-01-01 06:43:48] Starting parameter sweep: 32 runs across 2 campaign(s)
[2026-01-01 06:43:48] MPI processes per run: 12
[2026-01-01 06:43:48] Main run steps: 500000
[2026-01-01 06:43:48] Dump interval: 5000
[2026-01-01 06:43:48] 
======================================================================
[2026-01-01 06:43:48] Run 1/32: karea500_pre_fac10_fd200
[2026-01-01 06:43:48] Campaign 1 | karea=500 | pre_fac=10 | fd=200
[2026-01-01 06:43:48] Started at 06:43:48
[2026-01-01 06:43:48] Running: mpirun -np 12 lmp ... (karea=500, pre_fac=10, fd=200)
[2026-01-01 06:50:00] Starting parameter sweep: 32 runs across 2 campaign(s)
[2026-01-01 06:50:00] MPI processes per run: 12
[2026-01-01 06:50:00] Main run steps: 500000
[2026-01-01 06:50:00] Dump interval: 5000
[2026-01-01 06:50:00] 
======================================================================
[2026-01-01 06:50:00] Run 1/32: karea500_pre_fac10_fd200
[2026-01-01 06:50:00] Campaign 1 | karea=500 | pre_fac=10 | fd=200
[2026-01-01 06:50:00] Started at 06:50:00
[2026-01-01 06:50:00] Running: mpirun -np 12 lmp ... (karea=500, pre_fac=10, fd=200)
[2026-01-01 06:53:54] Starting parameter sweep: 32 runs across 2 campaign(s)
[2026-01-01 06:53:54] MPI processes per run: 12
[2026-01-01 06:53:54] Main run steps: 500000
[2026-01-01 06:53:54] Dump interval: 5000
[2026-01-01 06:53:54] 
======================================================================
[2026-01-01 06:53:54] Run 1/32: karea500_pre_fac10_fd200
[2026-01-01 06:53:54] Campaign 1 | karea=500 | pre_fac=10 | fd=200
[2026-01-01 06:53:54] Started at 06:53:54
[2026-01-01 06:53:54] Running: mpirun -np 12 lmp ... (karea=500, pre_fac=10, fd=200)
