=== NextTissUe Data Sync Script ===
Syncing from: /home/lost_octave/LAMMPS/NextTissUe
Syncing to: /mnt/d/NextTissUe_data
Started at: Mon Dec 29 10:53:36 CST 2025

Running continuous sync (Ctrl+C to stop)
Syncing every 60 seconds...

sending incremental file list
./

sent 166 bytes  received 22 bytes  125.33 bytes/sec
total size is 521,073,129  speedup is 2,771,665.58
[10:53:37] Synced - Dumps: 497M, Total: 520M
sending incremental file list
./

sent 166 bytes  received 22 bytes  376.00 bytes/sec
total size is 521,073,129  speedup is 2,771,665.58
[10:54:33] Synced - Dumps: 497M, Total: 520M
sending incremental file list
./

sent 166 bytes  received 22 bytes  376.00 bytes/sec
total size is 521,073,129  speedup is 2,771,665.58
[10:55:30] Synced - Dumps: 497M, Total: 520M
sending incremental file list
./
compress_cells_propelled_NC1000_rho1_att10_v0.1_p03.65_dr0.1_tau1000.dat
         32,768   0%    0.00kB/s    0:00:00      134,578,176  31%  128.31MB/s    0:00:02      269,320,192  63%  128.41MB/s    0:00:01      406,683,648  95%  129.27MB/s    0:00:00      427,247,951 100%  128.93MB/s    0:00:03 (xfr#1, to-chk=1/3)

sent 427,352,497 bytes  received 41 bytes  122,100,725.14 bytes/sec
total size is 948,321,080  speedup is 2.22
[10:56:29] Synced - Dumps: 905M, Total: 927M
sending incremental file list
./
compress_cells_propelled_NC1000_rho1_att10_v0.1_p03.65_dr0.1_tau1000.dat
         32,768   0%    0.00kB/s    0:00:00      118,849,536  22%  113.31MB/s    0:00:03      235,503,616  45%  112.28MB/s    0:00:02      352,681,984  67%  112.10MB/s    0:00:01      467,238,912  89%  111.39MB/s    0:00:00      521,126,106 100%  111.32MB/s    0:00:04 (xfr#1, to-chk=1/3)

sent 521,253,573 bytes  received 41 bytes  115,834,136.44 bytes/sec
total size is 1,042,199,235  speedup is 2.00
[10:57:30] Synced - Dumps: 994M, Total: 1017M
sending incremental file list
./

sent 207 bytes  received 25 bytes  464.00 bytes/sec
total size is 1,042,199,235  speedup is 4,492,238.08
[10:58:27] Synced - Dumps: 994M, Total: 1017M
sending incremental file list
./

sent 207 bytes  received 25 bytes  464.00 bytes/sec
total size is 1,042,199,235  speedup is 4,492,238.08
[10:59:25] Synced - Dumps: 994M, Total: 1017M
sending incremental file list
./

sent 207 bytes  received 25 bytes  464.00 bytes/sec
total size is 1,042,199,235  speedup is 4,492,238.08
[11:00:22] Synced - Dumps: 994M, Total: 1017M
sending incremental file list

sent 19 bytes  received 12 bytes  62.00 bytes/sec
total size is 0  speedup is 0.00
[11:01:18] Synced - Dumps: 994M, Total: 1017M
sending incremental file list

sent 19 bytes  received 12 bytes  62.00 bytes/sec
total size is 0  speedup is 0.00
[11:02:15] Synced - Dumps: 994M, Total: 1.2G
sending incremental file list

sent 19 bytes  received 12 bytes  62.00 bytes/sec
total size is 0  speedup is 0.00
[11:03:12] Synced - Dumps: 994M, Total: 1.5G
sending incremental file list

sent 19 bytes  received 12 bytes  62.00 bytes/sec
total size is 0  speedup is 0.00
[11:04:08] Synced - Dumps: 994M, Total: 1.5G
sending incremental file list

sent 19 bytes  received 12 bytes  62.00 bytes/sec
total size is 0  speedup is 0.00
[11:05:05] Synced - Dumps: 994M, Total: 1.5G
sending incremental file list

sent 19 bytes  received 12 bytes  62.00 bytes/sec
total size is 0  speedup is 0.00
[11:06:01] Synced - Dumps: 994M, Total: 1.5G
sending incremental file list

sent 19 bytes  received 12 bytes  62.00 bytes/sec
total size is 0  speedup is 0.00
[11:07:00] Synced - Dumps: 994M, Total: 1.5G
sending incremental file list

sent 19 bytes  received 12 bytes  62.00 bytes/sec
total size is 0  speedup is 0.00
[11:07:56] Synced - Dumps: 994M, Total: 1.5G
sending incremental file list

sent 19 bytes  received 12 bytes  62.00 bytes/sec
total size is 0  speedup is 0.00
[11:08:53] Synced - Dumps: 994M, Total: 1.5G
sending incremental file list

sent 19 bytes  received 12 bytes  62.00 bytes/sec
total size is 0  speedup is 0.00
[11:09:50] Synced - Dumps: 994M, Total: 1.5G
sending incremental file list

sent 19 bytes  received 12 bytes  62.00 bytes/sec
total size is 0  speedup is 0.00
[11:10:46] Synced - Dumps: 994M, Total: 1.5G
sending incremental file list

sent 19 bytes  received 12 bytes  62.00 bytes/sec
total size is 0  speedup is 0.00
[11:11:43] Synced - Dumps: 994M, Total: 1.5G
sending incremental file list

sent 19 bytes  received 12 bytes  62.00 bytes/sec
total size is 0  speedup is 0.00
[11:12:39] Synced - Dumps: 994M, Total: 1.5G
sending incremental file list

sent 19 bytes  received 12 bytes  62.00 bytes/sec
total size is 0  speedup is 0.00
[11:13:38] Synced - Dumps: 994M, Total: 1.5G
sending incremental file list

sent 19 bytes  received 12 bytes  62.00 bytes/sec
total size is 0  speedup is 0.00
[11:14:34] Synced - Dumps: 994M, Total: 1.5G
sending incremental file list

sent 19 bytes  received 12 bytes  62.00 bytes/sec
total size is 0  speedup is 0.00
[11:15:31] Synced - Dumps: 994M, Total: 1.5G
sending incremental file list

sent 19 bytes  received 12 bytes  62.00 bytes/sec
total size is 0  speedup is 0.00
[11:16:28] Synced - Dumps: 994M, Total: 1.5G
sending incremental file list

sent 19 bytes  received 12 bytes  62.00 bytes/sec
total size is 0  speedup is 0.00
[11:17:24] Synced - Dumps: 994M, Total: 1.5G
